Archive member included to satisfy reference by file (symbol)

e:/apps/stm32cubeide_1.10.0/stm32cubeide/plugins/com.st.stm32cube.ide.mcu.externaltools.gnu-tools-for-stm32.10.3-2021.10.win32_1.0.0.202111181127/tools/bin/../lib/gcc/arm-none-eabi/10.3.1/../../../../arm-none-eabi/lib/thumb/v7-m/nofp\libc_nano.a(lib_a-errno.o)
                              ./Src/syscalls.o (__errno)
e:/apps/stm32cubeide_1.10.0/stm32cubeide/plugins/com.st.stm32cube.ide.mcu.externaltools.gnu-tools-for-stm32.10.3-2021.10.win32_1.0.0.202111181127/tools/bin/../lib/gcc/arm-none-eabi/10.3.1/../../../../arm-none-eabi/lib/thumb/v7-m/nofp\libc_nano.a(lib_a-exit.o)
                              e:/apps/stm32cubeide_1.10.0/stm32cubeide/plugins/com.st.stm32cube.ide.mcu.externaltools.gnu-tools-for-stm32.10.3-2021.10.win32_1.0.0.202111181127/tools/bin/../lib/gcc/arm-none-eabi/10.3.1/../../../../arm-none-eabi/lib/thumb/v7-m/nofp/crt0.o (exit)
e:/apps/stm32cubeide_1.10.0/stm32cubeide/plugins/com.st.stm32cube.ide.mcu.externaltools.gnu-tools-for-stm32.10.3-2021.10.win32_1.0.0.202111181127/tools/bin/../lib/gcc/arm-none-eabi/10.3.1/../../../../arm-none-eabi/lib/thumb/v7-m/nofp\libc_nano.a(lib_a-impure.o)
                              e:/apps/stm32cubeide_1.10.0/stm32cubeide/plugins/com.st.stm32cube.ide.mcu.externaltools.gnu-tools-for-stm32.10.3-2021.10.win32_1.0.0.202111181127/tools/bin/../lib/gcc/arm-none-eabi/10.3.1/../../../../arm-none-eabi/lib/thumb/v7-m/nofp\libc_nano.a(lib_a-exit.o) (_global_impure_ptr)
e:/apps/stm32cubeide_1.10.0/stm32cubeide/plugins/com.st.stm32cube.ide.mcu.externaltools.gnu-tools-for-stm32.10.3-2021.10.win32_1.0.0.202111181127/tools/bin/../lib/gcc/arm-none-eabi/10.3.1/../../../../arm-none-eabi/lib/thumb/v7-m/nofp\libc_nano.a(lib_a-init.o)
                              e:/apps/stm32cubeide_1.10.0/stm32cubeide/plugins/com.st.stm32cube.ide.mcu.externaltools.gnu-tools-for-stm32.10.3-2021.10.win32_1.0.0.202111181127/tools/bin/../lib/gcc/arm-none-eabi/10.3.1/../../../../arm-none-eabi/lib/thumb/v7-m/nofp/crt0.o (__libc_init_array)
e:/apps/stm32cubeide_1.10.0/stm32cubeide/plugins/com.st.stm32cube.ide.mcu.externaltools.gnu-tools-for-stm32.10.3-2021.10.win32_1.0.0.202111181127/tools/bin/../lib/gcc/arm-none-eabi/10.3.1/../../../../arm-none-eabi/lib/thumb/v7-m/nofp\libc_nano.a(lib_a-memset.o)
                              e:/apps/stm32cubeide_1.10.0/stm32cubeide/plugins/com.st.stm32cube.ide.mcu.externaltools.gnu-tools-for-stm32.10.3-2021.10.win32_1.0.0.202111181127/tools/bin/../lib/gcc/arm-none-eabi/10.3.1/../../../../arm-none-eabi/lib/thumb/v7-m/nofp/crt0.o (memset)
e:/apps/stm32cubeide_1.10.0/stm32cubeide/plugins/com.st.stm32cube.ide.mcu.externaltools.gnu-tools-for-stm32.10.3-2021.10.win32_1.0.0.202111181127/tools/bin/../lib/gcc/arm-none-eabi/10.3.1/thumb/v7-m/nofp\libgcc.a(_arm_muldf3.o)
                              ./HAL/LCD/LCD.o (__aeabi_dmul)
e:/apps/stm32cubeide_1.10.0/stm32cubeide/plugins/com.st.stm32cube.ide.mcu.externaltools.gnu-tools-for-stm32.10.3-2021.10.win32_1.0.0.202111181127/tools/bin/../lib/gcc/arm-none-eabi/10.3.1/thumb/v7-m/nofp\libgcc.a(_arm_addsubdf3.o)
                              ./HAL/LCD/LCD.o (__aeabi_dsub)
e:/apps/stm32cubeide_1.10.0/stm32cubeide/plugins/com.st.stm32cube.ide.mcu.externaltools.gnu-tools-for-stm32.10.3-2021.10.win32_1.0.0.202111181127/tools/bin/../lib/gcc/arm-none-eabi/10.3.1/thumb/v7-m/nofp\libgcc.a(_arm_muldivdf3.o)
                              ./STM32F103_MCAL/I2C/I2C.o (__aeabi_ddiv)
e:/apps/stm32cubeide_1.10.0/stm32cubeide/plugins/com.st.stm32cube.ide.mcu.externaltools.gnu-tools-for-stm32.10.3-2021.10.win32_1.0.0.202111181127/tools/bin/../lib/gcc/arm-none-eabi/10.3.1/thumb/v7-m/nofp\libgcc.a(_arm_cmpdf2.o)
                              ./HAL/LCD/LCD.o (__aeabi_dcmpeq)
e:/apps/stm32cubeide_1.10.0/stm32cubeide/plugins/com.st.stm32cube.ide.mcu.externaltools.gnu-tools-for-stm32.10.3-2021.10.win32_1.0.0.202111181127/tools/bin/../lib/gcc/arm-none-eabi/10.3.1/thumb/v7-m/nofp\libgcc.a(_arm_fixdfsi.o)
                              ./HAL/LCD/LCD.o (__aeabi_d2iz)
e:/apps/stm32cubeide_1.10.0/stm32cubeide/plugins/com.st.stm32cube.ide.mcu.externaltools.gnu-tools-for-stm32.10.3-2021.10.win32_1.0.0.202111181127/tools/bin/../lib/gcc/arm-none-eabi/10.3.1/thumb/v7-m/nofp\libgcc.a(_arm_fixunsdfsi.o)
                              ./STM32F103_MCAL/I2C/I2C.o (__aeabi_d2uiz)

Discarded input sections

 .text          0x0000000000000000        0x0 e:/apps/stm32cubeide_1.10.0/stm32cubeide/plugins/com.st.stm32cube.ide.mcu.externaltools.gnu-tools-for-stm32.10.3-2021.10.win32_1.0.0.202111181127/tools/bin/../lib/gcc/arm-none-eabi/10.3.1/thumb/v7-m/nofp/crti.o
 .data          0x0000000000000000        0x0 e:/apps/stm32cubeide_1.10.0/stm32cubeide/plugins/com.st.stm32cube.ide.mcu.externaltools.gnu-tools-for-stm32.10.3-2021.10.win32_1.0.0.202111181127/tools/bin/../lib/gcc/arm-none-eabi/10.3.1/thumb/v7-m/nofp/crti.o
[...]
Memory Configuration

Name             Origin             Length             Attributes
RAM              0x0000000020000000 0x0000000000005000 xrw
FLASH            0x0000000008000000 0x0000000000010000 xr
*default*        0x0000000000000000 0xffffffffffffffff

Linker script and memory map

LOAD e:/apps/stm32cubeide_1.10.0/stm32cubeide/plugins/com.st.stm32cube.ide.mcu.externaltools.gnu-tools-for-stm32.10.3-2021.10.win32_1.0.0.202111181127/tools/bin/../lib/gcc/arm-none-eabi/10.3.1/thumb/v7-m/nofp/crti.o
LOAD e:/apps/stm32cubeide_1.10.0/stm32cubeide/plugins/com.st.stm32cube.ide.mcu.externaltools.gnu-tools-for-stm32.10.3-2021.10.win32_1.0.0.202111181127/tools/bin/../lib/gcc/arm-none-eabi/10.3.1/thumb/v7-m/nofp/crtbegin.o
LOAD e:/apps/stm32cubeide_1.10.0/stm32cubeide/plugins/com.st.stm32cube.ide.mcu.externaltools.gnu-tools-for-stm32.10.3-2021.10.win32_1.0.0.202111181127/tools/bin/../lib/gcc/arm-none-eabi/10.3.1/../../../../arm-none-eabi/lib/thumb/v7-m/nofp/crt0.o
LOAD ./Application/DataExchange.o
LOAD ./HAL/Keypad/Keypad.o
LOAD ./HAL/LCD/LCD.o
LOAD ./STM32F103_MCAL/EXTI/EXTI.o
LOAD ./STM32F103_MCAL/GPIO/gpio.o
LOAD ./STM32F103_MCAL/I2C/I2C.o
LOAD ./STM32F103_MCAL/RCC/RCC.o
LOAD ./STM32F103_MCAL/SPI/SPI.o
LOAD ./STM32F103_MCAL/UART/UART.o
LOAD ./Src/main.o
LOAD ./Src/syscalls.o
LOAD ./Src/sysmem.o
LOAD ./Startup/startup_stm32f103c8tx.o
START GROUP
LOAD e:/apps/stm32cubeide_1.10.0/stm32cubeide/plugins/com.st.stm32cube.ide.mcu.externaltools.gnu-tools-for-stm32.10.3-2021.10.win32_1.0.0.202111181127/tools/bin/../lib/gcc/arm-none-eabi/10.3.1/../../../../arm-none-eabi/lib/thumb/v7-m/nofp\libc_nano.a
LOAD e:/apps/stm32cubeide_1.10.0/stm32cubeide/plugins/com.st.stm32cube.ide.mcu.externaltools.gnu-tools-for-stm32.10.3-2021.10.win32_1.0.0.202111181127/tools/bin/../lib/gcc/arm-none-eabi/10.3.1/../../../../arm-none-eabi/lib/thumb/v7-m/nofp\libm.a
END GROUP
START GROUP
LOAD e:/apps/stm32cubeide_1.10.0/stm32cubeide/plugins/com.st.stm32cube.ide.mcu.externaltools.gnu-tools-for-stm32.10.3-2021.10.win32_1.0.0.202111181127/tools/bin/../lib/gcc/arm-none-eabi/10.3.1/thumb/v7-m/nofp\libgcc.a
LOAD e:/apps/stm32cubeide_1.10.0/stm32cubeide/plugins/com.st.stm32cube.ide.mcu.externaltools.gnu-tools-for-stm32.10.3-2021.10.win32_1.0.0.202111181127/tools/bin/../lib/gcc/arm-none-eabi/10.3.1/../../../../arm-none-eabi/lib/thumb/v7-m/nofp\libc_nano.a
END GROUP
START GROUP
LOAD e:/apps/stm32cubeide_1.10.0/stm32cubeide/plugins/com.st.stm32cube.ide.mcu.externaltools.gnu-tools-for-stm32.10.3-2021.10.win32_1.0.0.202111181127/tools/bin/../lib/gcc/arm-none-eabi/10.3.1/thumb/v7-m/nofp\libgcc.a
LOAD e:/apps/stm32cubeide_1.10.0/stm32cubeide/plugins/com.st.stm32cube.ide.mcu.externaltools.gnu-tools-for-stm32.10.3-2021.10.win32_1.0.0.202111181127/tools/bin/../lib/gcc/arm-none-eabi/10.3.1/../../../../arm-none-eabi/lib/thumb/v7-m/nofp\libc_nano.a
LOAD e:/apps/stm32cubeide_1.10.0/stm32cubeide/plugins/com.st.stm32cube.ide.mcu.externaltools.gnu-tools-for-stm32.10.3-2021.10.win32_1.0.0.202111181127/tools/bin/../lib/gcc/arm-none-eabi/10.3.1/../../../../arm-none-eabi/lib/thumb/v7-m/nofp\libnosys.a
END GROUP
START GROUP
LOAD e:/apps/stm32cubeide_1.10.0/stm32cubeide/plugins/com.st.stm32cube.ide.mcu.externaltools.gnu-tools-for-stm32.10.3-2021.10.win32_1.0.0.202111181127/tools/bin/../lib/gcc/arm-none-eabi/10.3.1/thumb/v7-m/nofp\libgcc.a
LOAD e:/apps/stm32cubeide_1.10.0/stm32cubeide/plugins/com.st.stm32cube.ide.mcu.externaltools.gnu-tools-for-stm32.10.3-2021.10.win32_1.0.0.202111181127/tools/bin/../lib/gcc/arm-none-eabi/10.3.1/../../../../arm-none-eabi/lib/thumb/v7-m/nofp\libc_nano.a
LOAD e:/apps/stm32cubeide_1.10.0/stm32cubeide/plugins/com.st.stm32cube.ide.mcu.externaltools.gnu-tools-for-stm32.10.3-2021.10.win32_1.0.0.202111181127/tools/bin/../lib/gcc/arm-none-eabi/10.3.1/../../../../arm-none-eabi/lib/thumb/v7-m/nofp\libnosys.a
END GROUP
LOAD e:/apps/stm32cubeide_1.10.0/stm32cubeide/plugins/com.st.stm32cube.ide.mcu.externaltools.gnu-tools-for-stm32.10.3-2021.10.win32_1.0.0.202111181127/tools/bin/../lib/gcc/arm-none-eabi/10.3.1/thumb/v7-m/nofp/crtend.o
LOAD e:/apps/stm32cubeide_1.10.0/stm32cubeide/plugins/com.st.stm32cube.ide.mcu.externaltools.gnu-tools-for-stm32.10.3-2021.10.win32_1.0.0.202111181127/tools/bin/../lib/gcc/arm-none-eabi/10.3.1/thumb/v7-m/nofp/crtn.o
                0x0000000020005000                _estack = (ORIGIN (RAM) + LENGTH (RAM))
                0x0000000000000200                _Min_Heap_Size = 0x200
                0x0000000000000400                _Min_Stack_Size = 0x400

.isr_vector     0x0000000008000000      0x130
                0x0000000008000000                . = ALIGN (0x4)
 *(.isr_vector)
 .isr_vector    0x0000000008000000      0x130 ./Startup/startup_stm32f103c8tx.o
                0x0000000008000000                g_pfnVectors
                0x0000000008000130                . = ALIGN (0x4)

.text           0x0000000008000130     0x1e0c
                0x0000000008000130                . = ALIGN (0x4)
 *(.text)
 .text          0x0000000008000130       0x40 e:/apps/stm32cubeide_1.10.0/stm32cubeide/plugins/com.st.stm32cube.ide.mcu.externaltools.gnu-tools-for-stm32.10.3-2021.10.win32_1.0.0.202111181127/tools/bin/../lib/gcc/arm-none-eabi/10.3.1/thumb/v7-m/nofp/crtbegin.o
 .text          0x0000000008000170      0x378 e:/apps/stm32cubeide_1.10.0/stm32cubeide/plugins/com.st.stm32cube.ide.mcu.externaltools.gnu-tools-for-stm32.10.3-2021.10.win32_1.0.0.202111181127/tools/bin/../lib/gcc/arm-none-eabi/10.3.1/thumb/v7-m/nofp\libgcc.a(_arm_addsubdf3.o)
                0x0000000008000170                __aeabi_drsub
                0x0000000008000178                __aeabi_dsub
                0x0000000008000178                __subdf3
                0x000000000800017c                __aeabi_dadd
                0x000000000800017c                __adddf3
                0x00000000080003f4                __floatunsidf
                0x00000000080003f4                __aeabi_ui2d
                0x0000000008000414                __floatsidf
                0x0000000008000414                __aeabi_i2d
                0x0000000008000438                __aeabi_f2d
                0x0000000008000438                __extendsfdf2
                0x000000000800047c                __floatundidf
                0x000000000800047c                __aeabi_ul2d
                0x000000000800048c                __floatdidf
                0x000000000800048c                __aeabi_l2d
 .text          0x00000000080004e8      0x424 e:/apps/stm32cubeide_1.10.0/stm32cubeide/plugins/com.st.stm32cube.ide.mcu.externaltools.gnu-tools-for-stm32.10.3-2021.10.win32_1.0.0.202111181127/tools/bin/../lib/gcc/arm-none-eabi/10.3.1/thumb/v7-m/nofp\libgcc.a(_arm_muldivdf3.o)
                0x00000000080004e8                __aeabi_dmul
                0x00000000080004e8                __muldf3
                0x000000000800073c                __divdf3
                0x000000000800073c                __aeabi_ddiv
 .text          0x000000000800090c       0x40 e:/apps/stm32cubeide_1.10.0/stm32cubeide/plugins/com.st.stm32cube.ide.mcu.externaltools.gnu-tools-for-stm32.10.3-2021.10.win32_1.0.0.202111181127/tools/bin/../lib/gcc/arm-none-eabi/10.3.1/thumb/v7-m/nofp\libgcc.a(_arm_fixunsdfsi.o)
                0x000000000800090c                __aeabi_d2uiz
                0x000000000800090c                __fixunsdfsi
 *(.text*)
 .text.Init_DataExchange
                0x000000000800094c       0x70 ./Application/DataExchange.o
                0x000000000800094c                Init_DataExchange
 .text.Start_DataExchange
                0x00000000080009bc       0x9c ./Application/DataExchange.o
                0x00000000080009bc                Start_DataExchange
 .text.Keypad_Init
                0x0000000008000a58      0x118 ./HAL/Keypad/Keypad.o
                0x0000000008000a58                Keypad_Init
 .text.Keypad_Read
                0x0000000008000b70      0x178 ./HAL/Keypad/Keypad.o
                0x0000000008000b70                Keypad_Read
 .text.LCD_Init
                0x0000000008000ce8       0xe4 ./HAL/LCD/LCD.o
                0x0000000008000ce8                LCD_Init
 .text.LCD_Write_Command
                0x0000000008000dcc      0x1ac ./HAL/LCD/LCD.o
                0x0000000008000dcc                LCD_Write_Command
 .text.LCD_Write_Char
                0x0000000008000f78      0x1ac ./HAL/LCD/LCD.o
                0x0000000008000f78                LCD_Write_Char
 .text.LCD_Write_String
                0x0000000008001124       0x38 ./HAL/LCD/LCD.o
                0x0000000008001124                LCD_Write_String
 .text.LCD_Write_Number
                0x000000000800115c      0x16c ./HAL/LCD/LCD.o
                0x000000000800115c                LCD_Write_Number
 .text.EXTI0_IRQHandler
                0x00000000080012c8       0x24 ./STM32F103_MCAL/EXTI/EXTI.o
                0x00000000080012c8                EXTI0_IRQHandler
 .text.EXTI1_IRQHandler
                0x00000000080012ec       0x24 ./STM32F103_MCAL/EXTI/EXTI.o
                0x00000000080012ec                EXTI1_IRQHandler
 .text.EXTI2_IRQHandler
                0x0000000008001310       0x24 ./STM32F103_MCAL/EXTI/EXTI.o
                0x0000000008001310                EXTI2_IRQHandler
 .text.EXTI3_IRQHandler
                0x0000000008001334       0x24 ./STM32F103_MCAL/EXTI/EXTI.o
                0x0000000008001334                EXTI3_IRQHandler
 .text.EXTI4_IRQHandler
                0x0000000008001358       0x24 ./STM32F103_MCAL/EXTI/EXTI.o
                0x0000000008001358                EXTI4_IRQHandler
 .text.EXTI9_5_IRQHandler
                0x000000000800137c       0xb0 ./STM32F103_MCAL/EXTI/EXTI.o
                0x000000000800137c                EXTI9_5_IRQHandler
 .text.EXTI15_10_IRQHandler
                0x000000000800142c       0xd0 ./STM32F103_MCAL/EXTI/EXTI.o
                0x000000000800142c                EXTI15_10_IRQHandler
 .text.MCAL_GPIO_Init
                0x00000000080014fc      0x150 ./STM32F103_MCAL/GPIO/gpio.o
                0x00000000080014fc                MCAL_GPIO_Init
 .text.MCAL_GPIO_WritePin
                0x000000000800164c       0x48 ./STM32F103_MCAL/GPIO/gpio.o
                0x000000000800164c                MCAL_GPIO_WritePin
 .text.delay_ms
                0x0000000008001694       0x32 ./STM32F103_MCAL/GPIO/gpio.o
                0x0000000008001694                delay_ms
 *fill*         0x00000000080016c6        0x2 
 .text.I2Cx_Init
                0x00000000080016c8      0x374 ./STM32F103_MCAL/I2C/I2C.o
                0x00000000080016c8                I2Cx_Init
 .text.I2C_Master_TX
                0x0000000008001a3c       0xe8 ./STM32F103_MCAL/I2C/I2C.o
                0x0000000008001a3c                I2C_Master_TX
 .text.I2C_Master_RX
                0x0000000008001b24      0x178 ./STM32F103_MCAL/I2C/I2C.o
                0x0000000008001b24                I2C_Master_RX
 .text.I2C_GenerateStart
                0x0000000008001c9c       0x5a ./STM32F103_MCAL/I2C/I2C.o
                0x0000000008001c9c                I2C_GenerateStart
 *fill*         0x0000000008001cf6        0x2 
 .text.RCC_GetSysCLK
                0x0000000008001cf8       0x1c ./STM32F103_MCAL/RCC/RCC.o
                0x0000000008001cf8                RCC_GetSysCLK
 .text.RCC_GetHCLKFreq
                0x0000000008001d14       0x34 ./STM32F103_MCAL/RCC/RCC.o
                0x0000000008001d14                RCC_GetHCLKFreq
 .text.RCC_GetPCLK1Freq
                0x0000000008001d48       0x34 ./STM32F103_MCAL/RCC/RCC.o
                0x0000000008001d48                RCC_GetPCLK1Freq
 .text.SPI1_IRQHandler
                0x0000000008001d7c       0x58 ./STM32F103_MCAL/SPI/SPI.o
                0x0000000008001d7c                SPI1_IRQHandler
 .text.SPI2_IRQHandler
                0x0000000008001dd4       0x58 ./STM32F103_MCAL/SPI/SPI.o
                0x0000000008001dd4                SPI2_IRQHandler
 .text.USART1_IRQHandler
                0x0000000008001e2c       0x14 ./STM32F103_MCAL/UART/UART.o
                0x0000000008001e2c                USART1_IRQHandler
 .text.USART2_IRQHandler
                0x0000000008001e40       0x14 ./STM32F103_MCAL/UART/UART.o
                0x0000000008001e40                USART2_IRQHandler
 .text.USART3_IRQHandler
                0x0000000008001e54       0x14 ./STM32F103_MCAL/UART/UART.o
                0x0000000008001e54                USART3_IRQHandler
 .text.main     0x0000000008001e68        0xe ./Src/main.o
                0x0000000008001e68                main
 *fill*         0x0000000008001e76        0x2 
 .text.Reset_Handler
                0x0000000008001e78       0x50 ./Startup/startup_stm32f103c8tx.o
                0x0000000008001e78                Reset_Handler
 .text.Default_Handler
                0x0000000008001ec8        0x2 ./Startup/startup_stm32f103c8tx.o
                0x0000000008001ec8                TIM8_TRG_COM_IRQHandler
                0x0000000008001ec8                TIM8_CC_IRQHandler
                0x0000000008001ec8                DebugMon_Handler
                0x0000000008001ec8                TIM1_CC_IRQHandler
                0x0000000008001ec8                HardFault_Handler
                0x0000000008001ec8                TIM6_IRQHandler
                0x0000000008001ec8                SysTick_Handler
                0x0000000008001ec8                PVD_IRQHandler
                0x0000000008001ec8                SDIO_IRQHandler
                0x0000000008001ec8                PendSV_Handler
                0x0000000008001ec8                NMI_Handler
                0x0000000008001ec8                USB_HP_CAN_TX_IRQHandler
                0x0000000008001ec8                I2C2_EV_IRQHandler
                0x0000000008001ec8                UsageFault_Handler
                0x0000000008001ec8                ADC1_2_IRQHandler
                0x0000000008001ec8                CAN_SCE_IRQHandler
                0x0000000008001ec8                TAMPER_IRQHandler
                0x0000000008001ec8                TIM8_UP_IRQHandler
                0x0000000008001ec8                DMA2_Channel2_IRQHandler
                0x0000000008001ec8                DMA1_Channel4_IRQHandler
                0x0000000008001ec8                RTC_IRQHandler
                0x0000000008001ec8                DMA1_Channel7_IRQHandler
                0x0000000008001ec8                UART5_IRQHandler
                0x0000000008001ec8                ADC3_IRQHandler
                0x0000000008001ec8                TIM4_IRQHandler
                0x0000000008001ec8                CAN_RX1_IRQHandler
                0x0000000008001ec8                DMA2_Channel1_IRQHandler
                0x0000000008001ec8                I2C1_EV_IRQHandler
                0x0000000008001ec8                DMA1_Channel6_IRQHandler
                0x0000000008001ec8                UART4_IRQHandler
                0x0000000008001ec8                TIM3_IRQHandler
                0x0000000008001ec8                RCC_IRQHandler
                0x0000000008001ec8                TIM1_TRG_COM_IRQHandler
                0x0000000008001ec8                DMA1_Channel1_IRQHandler
                0x0000000008001ec8                Default_Handler
                0x0000000008001ec8                TIM7_IRQHandler
                0x0000000008001ec8                TIM5_IRQHandler
                0x0000000008001ec8                USB_LP_CAN_RX0_IRQHandler
                0x0000000008001ec8                MemManage_Handler
                0x0000000008001ec8                SVC_Handler
                0x0000000008001ec8                DMA1_Channel5_IRQHandler
                0x0000000008001ec8                DMA1_Channel3_IRQHandler
                0x0000000008001ec8                FSMC_IRQHandler
                0x0000000008001ec8                TIM1_UP_IRQHandler
                0x0000000008001ec8                WWDG_IRQHandler
                0x0000000008001ec8                TIM2_IRQHandler
                0x0000000008001ec8                TIM1_BRK_IRQHandler
                0x0000000008001ec8                RTCAlarm_IRQHandler
                0x0000000008001ec8                DMA2_Channel4_5_IRQHandler
                0x0000000008001ec8                I2C2_ER_IRQHandler
                0x0000000008001ec8                DMA1_Channel2_IRQHandler
                0x0000000008001ec8                TIM8_BRK_IRQHandler
                0x0000000008001ec8                FLASH_IRQHandler
                0x0000000008001ec8                BusFault_Handler
                0x0000000008001ec8                SPI3_IRQHandler
                0x0000000008001ec8                I2C1_ER_IRQHandler
                0x0000000008001ec8                DMA2_Channel3_IRQHandler
 *fill*         0x0000000008001eca        0x2 
 .text.__libc_init_array
                0x0000000008001ecc       0x48 e:/apps/stm32cubeide_1.10.0/stm32cubeide/plugins/com.st.stm32cube.ide.mcu.externaltools.gnu-tools-for-stm32.10.3-2021.10.win32_1.0.0.202111181127/tools/bin/../lib/gcc/arm-none-eabi/10.3.1/../../../../arm-none-eabi/lib/thumb/v7-m/nofp\libc_nano.a(lib_a-init.o)
                0x0000000008001ecc                __libc_init_array
 .text.memset   0x0000000008001f14       0x10 e:/apps/stm32cubeide_1.10.0/stm32cubeide/plugins/com.st.stm32cube.ide.mcu.externaltools.gnu-tools-for-stm32.10.3-2021.10.win32_1.0.0.202111181127/tools/bin/../lib/gcc/arm-none-eabi/10.3.1/../../../../arm-none-eabi/lib/thumb/v7-m/nofp\libc_nano.a(lib_a-memset.o)
                0x0000000008001f14                memset
 *(.glue_7)
 .glue_7        0x0000000008001f24        0x0 linker stubs
 *(.glue_7t)
 .glue_7t       0x0000000008001f24        0x0 linker stubs
 *(.eh_frame)
 .eh_frame      0x0000000008001f24        0x0 e:/apps/stm32cubeide_1.10.0/stm32cubeide/plugins/com.st.stm32cube.ide.mcu.externaltools.gnu-tools-for-stm32.10.3-2021.10.win32_1.0.0.202111181127/tools/bin/../lib/gcc/arm-none-eabi/10.3.1/thumb/v7-m/nofp/crtbegin.o
 *(.init)
 .init          0x0000000008001f24        0x4 e:/apps/stm32cubeide_1.10.0/stm32cubeide/plugins/com.st.stm32cube.ide.mcu.externaltools.gnu-tools-for-stm32.10.3-2021.10.win32_1.0.0.202111181127/tools/bin/../lib/gcc/arm-none-eabi/10.3.1/thumb/v7-m/nofp/crti.o
                0x0000000008001f24                _init
 .init          0x0000000008001f28        0x8 e:/apps/stm32cubeide_1.10.0/stm32cubeide/plugins/com.st.stm32cube.ide.mcu.externaltools.gnu-tools-for-stm32.10.3-2021.10.win32_1.0.0.202111181127/tools/bin/../lib/gcc/arm-none-eabi/10.3.1/thumb/v7-m/nofp/crtn.o
 *(.fini)
 .fini          0x0000000008001f30        0x4 e:/apps/stm32cubeide_1.10.0/stm32cubeide/plugins/com.st.stm32cube.ide.mcu.externaltools.gnu-tools-for-stm32.10.3-2021.10.win32_1.0.0.202111181127/tools/bin/../lib/gcc/arm-none-eabi/10.3.1/thumb/v7-m/nofp/crti.o
                0x0000000008001f30                _fini
 .fini          0x0000000008001f34        0x8 e:/apps/stm32cubeide_1.10.0/stm32cubeide/plugins/com.st.stm32cube.ide.mcu.externaltools.gnu-tools-for-stm32.10.3-2021.10.win32_1.0.0.202111181127/tools/bin/../lib/gcc/arm-none-eabi/10.3.1/thumb/v7-m/nofp/crtn.o
                0x0000000008001f3c                . = ALIGN (0x4)
                0x0000000008001f3c                _etext = .

.vfp11_veneer   0x0000000008001f3c        0x0
 .vfp11_veneer  0x0000000008001f3c        0x0 linker stubs

.v4_bx          0x0000000008001f3c        0x0
 .v4_bx         0x0000000008001f3c        0x0 linker stubs

.iplt           0x0000000008001f3c        0x0
 .iplt          0x0000000008001f3c        0x0 e:/apps/stm32cubeide_1.10.0/stm32cubeide/plugins/com.st.stm32cube.ide.mcu.externaltools.gnu-tools-for-stm32.10.3-2021.10.win32_1.0.0.202111181127/tools/bin/../lib/gcc/arm-none-eabi/10.3.1/thumb/v7-m/nofp/crtbegin.o

.rodata         0x0000000008001f3c       0x50
                0x0000000008001f3c                . = ALIGN (0x4)
 *(.rodata)
 .rodata        0x0000000008001f3c       0x25 ./Application/DataExchange.o
 *fill*         0x0000000008001f61        0x3 
 .rodata        0x0000000008001f64       0x18 ./HAL/LCD/LCD.o
 *(.rodata*)
 .rodata.keypad_matrix
                0x0000000008001f7c       0x10 ./HAL/Keypad/Keypad.o
                0x0000000008001f7c                keypad_matrix
                0x0000000008001f8c                . = ALIGN (0x4)

.rel.dyn        0x0000000008001f8c        0x0
 .rel.iplt      0x0000000008001f8c        0x0 e:/apps/stm32cubeide_1.10.0/stm32cubeide/plugins/com.st.stm32cube.ide.mcu.externaltools.gnu-tools-for-stm32.10.3-2021.10.win32_1.0.0.202111181127/tools/bin/../lib/gcc/arm-none-eabi/10.3.1/thumb/v7-m/nofp/crtbegin.o

.ARM.extab      0x0000000008001f8c        0x0
                0x0000000008001f8c                . = ALIGN (0x4)
 *(.ARM.extab* .gnu.linkonce.armextab.*)
                0x0000000008001f8c                . = ALIGN (0x4)

.ARM            0x0000000008001f8c        0x0
                0x0000000008001f8c                . = ALIGN (0x4)
                0x0000000008001f8c                __exidx_start = .
 *(.ARM.exidx*)
                0x0000000008001f8c                __exidx_end = .
                0x0000000008001f8c                . = ALIGN (0x4)

.preinit_array  0x0000000008001f8c        0x0
                0x0000000008001f8c                . = ALIGN (0x4)
                0x0000000008001f8c                PROVIDE (__preinit_array_start = .)
 *(.preinit_array*)
                0x0000000008001f8c                PROVIDE (__preinit_array_end = .)
                0x0000000008001f8c                . = ALIGN (0x4)

.init_array     0x0000000008001f8c        0x4
                0x0000000008001f8c                . = ALIGN (0x4)
                0x0000000008001f8c                PROVIDE (__init_array_start = .)
 *(SORT_BY_NAME(.init_array.*))
 *(.init_array*)
 .init_array    0x0000000008001f8c        0x4 e:/apps/stm32cubeide_1.10.0/stm32cubeide/plugins/com.st.stm32cube.ide.mcu.externaltools.gnu-tools-for-stm32.10.3-2021.10.win32_1.0.0.202111181127/tools/bin/../lib/gcc/arm-none-eabi/10.3.1/thumb/v7-m/nofp/crtbegin.o
                0x0000000008001f90                PROVIDE (__init_array_end = .)
                0x0000000008001f90                . = ALIGN (0x4)

.fini_array     0x0000000008001f90        0x4
                0x0000000008001f90                . = ALIGN (0x4)
                [!provide]                        PROVIDE (__fini_array_start = .)
 *(SORT_BY_NAME(.fini_array.*))
 *(.fini_array*)
 .fini_array    0x0000000008001f90        0x4 e:/apps/stm32cubeide_1.10.0/stm32cubeide/plugins/com.st.stm32cube.ide.mcu.externaltools.gnu-tools-for-stm32.10.3-2021.10.win32_1.0.0.202111181127/tools/bin/../lib/gcc/arm-none-eabi/10.3.1/thumb/v7-m/nofp/crtbegin.o
                [!provide]                        PROVIDE (__fini_array_end = .)
                0x0000000008001f94                . = ALIGN (0x4)
                0x0000000008001f94                _sidata = LOADADDR (.data)

.data           0x0000000020000000       0x18 load address 0x0000000008001f94
                0x0000000020000000                . = ALIGN (0x4)
                0x0000000020000000                _sdata = .
 *(.data)
 *(.data*)
 .data.APB_Prescaler
                0x0000000020000000        0x8 ./STM32F103_MCAL/RCC/RCC.o
                0x0000000020000000                APB_Prescaler
 .data.AHB_Prescaler
                0x0000000020000008       0x10 ./STM32F103_MCAL/RCC/RCC.o
                0x0000000020000008                AHB_Prescaler
 *(.RamFunc)
 *(.RamFunc*)
                0x0000000020000018                . = ALIGN (0x4)
                0x0000000020000018                _edata = .

.igot.plt       0x0000000020000018        0x0 load address 0x0000000008001fac
 .igot.plt      0x0000000020000018        0x0 e:/apps/stm32cubeide_1.10.0/stm32cubeide/plugins/com.st.stm32cube.ide.mcu.externaltools.gnu-tools-for-stm32.10.3-2021.10.win32_1.0.0.202111181127/tools/bin/../lib/gcc/arm-none-eabi/10.3.1/thumb/v7-m/nofp/crtbegin.o
                0x0000000020000018                . = ALIGN (0x4)

.bss            0x0000000020000018       0x6c load address 0x0000000008001fac
                0x0000000020000018                _sbss = .
                0x0000000020000018                __bss_start__ = _sbss
 *(.bss)
 .bss           0x0000000020000018       0x1c e:/apps/stm32cubeide_1.10.0/stm32cubeide/plugins/com.st.stm32cube.ide.mcu.externaltools.gnu-tools-for-stm32.10.3-2021.10.win32_1.0.0.202111181127/tools/bin/../lib/gcc/arm-none-eabi/10.3.1/thumb/v7-m/nofp/crtbegin.o
 *(.bss*)
 .bss.GP_IRQ_CallBack
                0x0000000020000034       0x3c ./STM32F103_MCAL/EXTI/EXTI.o
                0x0000000020000034                GP_IRQ_CallBack
 .bss.SPIx_IRQ_CallBack
                0x0000000020000070        0x8 ./STM32F103_MCAL/SPI/SPI.o
                0x0000000020000070                SPIx_IRQ_CallBack
 .bss.USARTx_IRQ_CallBack
                0x0000000020000078        0xc ./STM32F103_MCAL/UART/UART.o
                0x0000000020000078                USARTx_IRQ_CallBack
 *(COMMON)
                0x0000000020000084                . = ALIGN (0x4)
                0x0000000020000084                _ebss = .
                0x0000000020000084                __bss_end__ = _ebss

._user_heap_stack
                0x0000000020000084      0x604 load address 0x0000000008001fac
                0x0000000020000088                . = ALIGN (0x8)
 *fill*         0x0000000020000084        0x4 
                [!provide]                        PROVIDE (end = .)
                0x0000000020000088                PROVIDE (_end = .)
                0x0000000020000288                . = (. + _Min_Heap_Size)
 *fill*         0x0000000020000088      0x200 
                0x0000000020000688                . = (. + _Min_Stack_Size)
 *fill*         0x0000000020000288      0x400 
                0x0000000020000688                . = ALIGN (0x8)

/DISCARD/
 libc.a(*)
 libm.a(*)
 libgcc.a(*)

.ARM.attributes
                0x0000000000000000       0x29
 *(.ARM.attributes)
 .ARM.attributes
                0x0000000000000000       0x1d e:/apps/stm32cubeide_1.10.0/stm32cubeide/plugins/com.st.stm32cube.ide.mcu.externaltools.gnu-tools-for-stm32.10.3-2021.10.win32_1.0.0.202111181127/tools/bin/../lib/gcc/arm-none-eabi/10.3.1/thumb/v7-m/nofp/crti.o
 .ARM.attributes
                0x000000000000001d       0x2d e:/apps/stm32cubeide_1.10.0/stm32cubeide/plugins/com.st.stm32cube.ide.mcu.externaltools.gnu-tools-for-stm32.10.3-2021.10.win32_1.0.0.202111181127/tools/bin/../lib/gcc/arm-none-eabi/10.3.1/thumb/v7-m/nofp/crtbegin.o
 .ARM.attributes
                0x000000000000004a       0x2d ./Application/DataExchange.o
 .ARM.attributes
                0x0000000000000077       0x2d ./HAL/Keypad/Keypad.o
 .ARM.attributes
                0x00000000000000a4       0x2d ./HAL/LCD/LCD.o
 .ARM.attributes
                0x00000000000000d1       0x2d ./STM32F103_MCAL/EXTI/EXTI.o
 .ARM.attributes
                0x00000000000000fe       0x2d ./STM32F103_MCAL/GPIO/gpio.o
 .ARM.attributes
                0x000000000000012b       0x2d ./STM32F103_MCAL/I2C/I2C.o
 .ARM.attributes
                0x0000000000000158       0x2d ./STM32F103_MCAL/RCC/RCC.o
 .ARM.attributes
                0x0000000000000185       0x2d ./STM32F103_MCAL/SPI/SPI.o
 .ARM.attributes
                0x00000000000001b2       0x2d ./STM32F103_MCAL/UART/UART.o
 .ARM.attributes
                0x00000000000001df       0x2d ./Src/main.o
 .ARM.attributes
                0x000000000000020c       0x21 ./Startup/startup_stm32f103c8tx.o
 .ARM.attributes
                0x000000000000022d       0x2d e:/apps/stm32cubeide_1.10.0/stm32cubeide/plugins/com.st.stm32cube.ide.mcu.externaltools.gnu-tools-for-stm32.10.3-2021.10.win32_1.0.0.202111181127/tools/bin/../lib/gcc/arm-none-eabi/10.3.1/../../../../arm-none-eabi/lib/thumb/v7-m/nofp\libc_nano.a(lib_a-init.o)
 .ARM.attributes
                0x000000000000025a       0x2d e:/apps/stm32cubeide_1.10.0/stm32cubeide/plugins/com.st.stm32cube.ide.mcu.externaltools.gnu-tools-for-stm32.10.3-2021.10.win32_1.0.0.202111181127/tools/bin/../lib/gcc/arm-none-eabi/10.3.1/../../../../arm-none-eabi/lib/thumb/v7-m/nofp\libc_nano.a(lib_a-memset.o)
 .ARM.attributes
                0x0000000000000287       0x1d e:/apps/stm32cubeide_1.10.0/stm32cubeide/plugins/com.st.stm32cube.ide.mcu.externaltools.gnu-tools-for-stm32.10.3-2021.10.win32_1.0.0.202111181127/tools/bin/../lib/gcc/arm-none-eabi/10.3.1/thumb/v7-m/nofp\libgcc.a(_arm_addsubdf3.o)
 .ARM.attributes
                0x00000000000002a4       0x1d e:/apps/stm32cubeide_1.10.0/stm32cubeide/plugins/com.st.stm32cube.ide.mcu.externaltools.gnu-tools-for-stm32.10.3-2021.10.win32_1.0.0.202111181127/tools/bin/../lib/gcc/arm-none-eabi/10.3.1/thumb/v7-m/nofp\libgcc.a(_arm_muldivdf3.o)
 .ARM.attributes
                0x00000000000002c1       0x1d e:/apps/stm32cubeide_1.10.0/stm32cubeide/plugins/com.st.stm32cube.ide.mcu.externaltools.gnu-tools-for-stm32.10.3-2021.10.win32_1.0.0.202111181127/tools/bin/../lib/gcc/arm-none-eabi/10.3.1/thumb/v7-m/nofp\libgcc.a(_arm_fixunsdfsi.o)
 .ARM.attributes
                0x00000000000002de       0x1d e:/apps/stm32cubeide_1.10.0/stm32cubeide/plugins/com.st.stm32cube.ide.mcu.externaltools.gnu-tools-for-stm32.10.3-2021.10.win32_1.0.0.202111181127/tools/bin/../lib/gcc/arm-none-eabi/10.3.1/thumb/v7-m/nofp/crtn.o
OUTPUT(I2C_Master_Slave_Data_Exchange.elf elf32-littlearm)
LOAD linker stubs
LOAD e:/apps/stm32cubeide_1.10.0/stm32cubeide/plugins/com.st.stm32cube.ide.mcu.externaltools.gnu-tools-for-stm32.10.3-2021.10.win32_1.0.0.202111181127/tools/bin/../lib/gcc/arm-none-eabi/10.3.1/../../../../arm-none-eabi/lib/thumb/v7-m/nofp\libc.a
LOAD e:/apps/stm32cubeide_1.10.0/stm32cubeide/plugins/com.st.stm32cube.ide.mcu.externaltools.gnu-tools-for-stm32.10.3-2021.10.win32_1.0.0.202111181127/tools/bin/../lib/gcc/arm-none-eabi/10.3.1/../../../../arm-none-eabi/lib/thumb/v7-m/nofp\libm.a
LOAD e:/apps/stm32cubeide_1.10.0/stm32cubeide/plugins/com.st.stm32cube.ide.mcu.externaltools.gnu-tools-for-stm32.10.3-2021.10.win32_1.0.0.202111181127/tools/bin/../lib/gcc/arm-none-eabi/10.3.1/thumb/v7-m/nofp\libgcc.a

.debug_info     0x0000000000000000     0x294e
 .debug_info    0x0000000000000000      0x47c ./Application/DataExchange.o
 .debug_info    0x000000000000047c      0x245 ./HAL/Keypad/Keypad.o
 .debug_info    0x00000000000006c1      0x470 ./HAL/LCD/LCD.o
 .debug_info    0x0000000000000b31      0x512 ./STM32F103_MCAL/EXTI/EXTI.o
 .debug_info    0x0000000000001043      0x449 ./STM32F103_MCAL/GPIO/gpio.o
 .debug_info    0x000000000000148c      0x6a4 ./STM32F103_MCAL/I2C/I2C.o
 .debug_info    0x0000000000001b30      0x23c ./STM32F103_MCAL/RCC/RCC.o
 .debug_info    0x0000000000001d6c      0x5d0 ./STM32F103_MCAL/SPI/SPI.o
 .debug_info    0x000000000000233c      0x540 ./STM32F103_MCAL/UART/UART.o
 .debug_info    0x000000000000287c       0xb0 ./Src/main.o
 .debug_info    0x000000000000292c       0x22 ./Startup/startup_stm32f103c8tx.o

.debug_abbrev   0x0000000000000000      0xbf6
 .debug_abbrev  0x0000000000000000      0x136 ./Application/DataExchange.o
 .debug_abbrev  0x0000000000000136      0x10c ./HAL/Keypad/Keypad.o
 .debug_abbrev  0x0000000000000242      0x139 ./HAL/LCD/LCD.o
 .debug_abbrev  0x000000000000037b      0x17e ./STM32F103_MCAL/EXTI/EXTI.o
 .debug_abbrev  0x00000000000004f9      0x104 ./STM32F103_MCAL/GPIO/gpio.o
 .debug_abbrev  0x00000000000005fd      0x178 ./STM32F103_MCAL/I2C/I2C.o
 .debug_abbrev  0x0000000000000775       0xe4 ./STM32F103_MCAL/RCC/RCC.o
 .debug_abbrev  0x0000000000000859      0x17e ./STM32F103_MCAL/SPI/SPI.o
 .debug_abbrev  0x00000000000009d7      0x1ac ./STM32F103_MCAL/UART/UART.o
 .debug_abbrev  0x0000000000000b83       0x61 ./Src/main.o
 .debug_abbrev  0x0000000000000be4       0x12 ./Startup/startup_stm32f103c8tx.o

.debug_aranges  0x0000000000000000      0x2c0
 .debug_aranges
                0x0000000000000000       0x28 ./Application/DataExchange.o
 .debug_aranges
                0x0000000000000028       0x28 ./HAL/Keypad/Keypad.o
 .debug_aranges
                0x0000000000000050       0x48 ./HAL/LCD/LCD.o
 .debug_aranges
                0x0000000000000098       0x70 ./STM32F103_MCAL/EXTI/EXTI.o
 .debug_aranges
                0x0000000000000108       0x60 ./STM32F103_MCAL/GPIO/gpio.o
 .debug_aranges
                0x0000000000000168       0x38 ./STM32F103_MCAL/I2C/I2C.o
 .debug_aranges
                0x00000000000001a0       0x38 ./STM32F103_MCAL/RCC/RCC.o
 .debug_aranges
                0x00000000000001d8       0x48 ./STM32F103_MCAL/SPI/SPI.o
 .debug_aranges
                0x0000000000000220       0x58 ./STM32F103_MCAL/UART/UART.o
 .debug_aranges
                0x0000000000000278       0x20 ./Src/main.o
 .debug_aranges
                0x0000000000000298       0x28 ./Startup/startup_stm32f103c8tx.o

.debug_ranges   0x0000000000000000      0x218
 .debug_ranges  0x0000000000000000       0x18 ./Application/DataExchange.o
 .debug_ranges  0x0000000000000018       0x18 ./HAL/Keypad/Keypad.o
 .debug_ranges  0x0000000000000030       0x38 ./HAL/LCD/LCD.o
 .debug_ranges  0x0000000000000068       0x60 ./STM32F103_MCAL/EXTI/EXTI.o
 .debug_ranges  0x00000000000000c8       0x50 ./STM32F103_MCAL/GPIO/gpio.o
 .debug_ranges  0x0000000000000118       0x28 ./STM32F103_MCAL/I2C/I2C.o
 .debug_ranges  0x0000000000000140       0x28 ./STM32F103_MCAL/RCC/RCC.o
 .debug_ranges  0x0000000000000168       0x38 ./STM32F103_MCAL/SPI/SPI.o
 .debug_ranges  0x00000000000001a0       0x48 ./STM32F103_MCAL/UART/UART.o
 .debug_ranges  0x00000000000001e8       0x10 ./Src/main.o
 .debug_ranges  0x00000000000001f8       0x20 ./Startup/startup_stm32f103c8tx.o

.debug_macro    0x0000000000000000     0x41b8
 .debug_macro   0x0000000000000000      0x22b ./Application/DataExchange.o
 .debug_macro   0x000000000000022b      0xa72 ./Application/DataExchange.o
 .debug_macro   0x0000000000000c9d       0x22 ./Application/DataExchange.o
 .debug_macro   0x0000000000000cbf       0x4c ./Application/DataExchange.o
 .debug_macro   0x0000000000000d0b       0x18 ./Application/DataExchange.o
 .debug_macro   0x0000000000000d23       0x94 ./Application/DataExchange.o
 .debug_macro   0x0000000000000db7       0x3c ./Application/DataExchange.o
 .debug_macro   0x0000000000000df3       0x34 ./Application/DataExchange.o
 .debug_macro   0x0000000000000e27       0x16 ./Application/DataExchange.o
 .debug_macro   0x0000000000000e3d       0x57 ./Application/DataExchange.o
 .debug_macro   0x0000000000000e94       0x97 ./Application/DataExchange.o
 .debug_macro   0x0000000000000f2b      0x341 ./Application/DataExchange.o
 .debug_macro   0x000000000000126c       0xfd ./Application/DataExchange.o
 .debug_macro   0x0000000000001369       0x10 ./Application/DataExchange.o
 .debug_macro   0x0000000000001379       0x16 ./Application/DataExchange.o
 .debug_macro   0x000000000000138f       0x43 ./Application/DataExchange.o
 .debug_macro   0x00000000000013d2       0x34 ./Application/DataExchange.o
 .debug_macro   0x0000000000001406       0x10 ./Application/DataExchange.o
 .debug_macro   0x0000000000001416       0x58 ./Application/DataExchange.o
 .debug_macro   0x000000000000146e       0x71 ./Application/DataExchange.o
 .debug_macro   0x00000000000014df       0x1c ./Application/DataExchange.o
 .debug_macro   0x00000000000014fb      0x12a ./Application/DataExchange.o
 .debug_macro   0x0000000000001625       0x10 ./Application/DataExchange.o
 .debug_macro   0x0000000000001635       0x6a ./Application/DataExchange.o
 .debug_macro   0x000000000000169f       0x1c ./Application/DataExchange.o
 .debug_macro   0x00000000000016bb       0x52 ./Application/DataExchange.o
 .debug_macro   0x000000000000170d       0x22 ./Application/DataExchange.o
 .debug_macro   0x000000000000172f       0x10 ./Application/DataExchange.o
 .debug_macro   0x000000000000173f       0x52 ./Application/DataExchange.o
 .debug_macro   0x0000000000001791       0xd5 ./Application/DataExchange.o
 .debug_macro   0x0000000000001866       0x1c ./Application/DataExchange.o
 .debug_macro   0x0000000000001882       0x3d ./Application/DataExchange.o
 .debug_macro   0x00000000000018bf       0x16 ./Application/DataExchange.o
 .debug_macro   0x00000000000018d5      0x145 ./Application/DataExchange.o
 .debug_macro   0x0000000000001a1a       0x16 ./Application/DataExchange.o
 .debug_macro   0x0000000000001a30       0x35 ./Application/DataExchange.o
 .debug_macro   0x0000000000001a65       0x16 ./Application/DataExchange.o
 .debug_macro   0x0000000000001a7b       0x29 ./Application/DataExchange.o
 .debug_macro   0x0000000000001aa4      0x659 ./Application/DataExchange.o
 .debug_macro   0x00000000000020fd       0xe2 ./Application/DataExchange.o
 .debug_macro   0x00000000000021df       0x16 ./Application/DataExchange.o
 .debug_macro   0x00000000000021f5       0x82 ./Application/DataExchange.o
 .debug_macro   0x0000000000002277       0x7c ./Application/DataExchange.o
 .debug_macro   0x00000000000022f3       0x76 ./Application/DataExchange.o
 .debug_macro   0x0000000000002369      0x200 ./HAL/Keypad/Keypad.o
 .debug_macro   0x0000000000002569       0x70 ./HAL/Keypad/Keypad.o
 .debug_macro   0x00000000000025d9      0x1f4 ./HAL/LCD/LCD.o
 .debug_macro   0x00000000000027cd      0x10e ./HAL/LCD/LCD.o
 .debug_macro   0x00000000000028db       0x8d ./HAL/LCD/LCD.o
 .debug_macro   0x0000000000002968       0x1c ./HAL/LCD/LCD.o
 .debug_macro   0x0000000000002984      0x65f ./HAL/LCD/LCD.o
 .debug_macro   0x0000000000002fe3       0x76 ./HAL/LCD/LCD.o
 .debug_macro   0x0000000000003059      0x1fa ./STM32F103_MCAL/EXTI/EXTI.o
 .debug_macro   0x0000000000003253       0xe8 ./STM32F103_MCAL/EXTI/EXTI.o
 .debug_macro   0x000000000000333b      0x166 ./STM32F103_MCAL/EXTI/EXTI.o
 .debug_macro   0x00000000000034a1      0x1f1 ./STM32F103_MCAL/GPIO/gpio.o
 .debug_macro   0x0000000000003692      0x209 ./STM32F103_MCAL/I2C/I2C.o
 .debug_macro   0x000000000000389b      0x1eb ./STM32F103_MCAL/RCC/RCC.o
 .debug_macro   0x0000000000003a86      0x1fa ./STM32F103_MCAL/SPI/SPI.o
 .debug_macro   0x0000000000003c80       0xb2 ./STM32F103_MCAL/SPI/SPI.o
 .debug_macro   0x0000000000003d32      0x209 ./STM32F103_MCAL/UART/UART.o
 .debug_macro   0x0000000000003f3b       0x52 ./STM32F103_MCAL/UART/UART.o
 .debug_macro   0x0000000000003f8d      0x22b ./Src/main.o

.debug_line     0x0000000000000000     0x5684
 .debug_line    0x0000000000000000      0x7cd ./Application/DataExchange.o
 .debug_line    0x00000000000007cd      0x7a9 ./HAL/Keypad/Keypad.o
 .debug_line    0x0000000000000f76      0x980 ./HAL/LCD/LCD.o
 .debug_line    0x00000000000018f6      0x9ba ./STM32F103_MCAL/EXTI/EXTI.o
 .debug_line    0x00000000000022b0      0x824 ./STM32F103_MCAL/GPIO/gpio.o
 .debug_line    0x0000000000002ad4      0xa44 ./STM32F103_MCAL/I2C/I2C.o
 .debug_line    0x0000000000003518      0x658 ./STM32F103_MCAL/RCC/RCC.o
 .debug_line    0x0000000000003b70      0x934 ./STM32F103_MCAL/SPI/SPI.o
 .debug_line    0x00000000000044a4      0x992 ./STM32F103_MCAL/UART/UART.o
 .debug_line    0x0000000000004e36      0x7ca ./Src/main.o
 .debug_line    0x0000000000005600       0x84 ./Startup/startup_stm32f103c8tx.o

.debug_str      0x0000000000000000     0xb892
 .debug_str     0x0000000000000000     0xa057 ./Application/DataExchange.o
                                       0xa1e9 (size before relaxing)
 .debug_str     0x000000000000a057       0x99 ./HAL/Keypad/Keypad.o
                                       0x9970 (size before relaxing)
 .debug_str     0x000000000000a0f0       0x6f ./HAL/LCD/LCD.o
                                       0x9a5e (size before relaxing)
 .debug_str     0x000000000000a15f      0xcf4 ./STM32F103_MCAL/EXTI/EXTI.o
                                       0xa338 (size before relaxing)
 .debug_str     0x000000000000ae53       0xa8 ./STM32F103_MCAL/GPIO/gpio.o
                                       0x9751 (size before relaxing)
 .debug_str     0x000000000000aefb       0x98 ./STM32F103_MCAL/I2C/I2C.o
                                       0x9c09 (size before relaxing)
 .debug_str     0x000000000000af93       0x67 ./STM32F103_MCAL/RCC/RCC.o
                                       0x9365 (size before relaxing)
 .debug_str     0x000000000000affa      0x56c ./STM32F103_MCAL/SPI/SPI.o
                                       0x9c01 (size before relaxing)
 .debug_str     0x000000000000b566      0x2e8 ./STM32F103_MCAL/UART/UART.o
                                       0x99d3 (size before relaxing)
 .debug_str     0x000000000000b84e       0x13 ./Src/main.o
                                       0x9ec4 (size before relaxing)
 .debug_str     0x000000000000b861       0x31 ./Startup/startup_stm32f103c8tx.o
                                         0x72 (size before relaxing)

.comment        0x0000000000000000       0x50
 .comment       0x0000000000000000       0x50 ./Application/DataExchange.o
                                         0x51 (size before relaxing)
 .comment       0x0000000000000050       0x51 ./HAL/Keypad/Keypad.o
 .comment       0x0000000000000050       0x51 ./HAL/LCD/LCD.o
 .comment       0x0000000000000050       0x51 ./STM32F103_MCAL/EXTI/EXTI.o
 .comment       0x0000000000000050       0x51 ./STM32F103_MCAL/GPIO/gpio.o
 .comment       0x0000000000000050       0x51 ./STM32F103_MCAL/I2C/I2C.o
 .comment       0x0000000000000050       0x51 ./STM32F103_MCAL/RCC/RCC.o
 .comment       0x0000000000000050       0x51 ./STM32F103_MCAL/SPI/SPI.o
 .comment       0x0000000000000050       0x51 ./STM32F103_MCAL/UART/UART.o
 .comment       0x0000000000000050       0x51 ./Src/main.o

.debug_frame    0x0000000000000000      0x980
 .debug_frame   0x0000000000000000       0x5c ./Application/DataExchange.o
 .debug_frame   0x000000000000005c       0x58 ./HAL/Keypad/Keypad.o
 .debug_frame   0x00000000000000b4       0xec ./HAL/LCD/LCD.o
 .debug_frame   0x00000000000001a0      0x16c ./STM32F103_MCAL/EXTI/EXTI.o
 .debug_frame   0x000000000000030c      0x178 ./STM32F103_MCAL/GPIO/gpio.o
 .debug_frame   0x0000000000000484       0xac ./STM32F103_MCAL/I2C/I2C.o
 .debug_frame   0x0000000000000530       0x9c ./STM32F103_MCAL/RCC/RCC.o
 .debug_frame   0x00000000000005cc       0xf8 ./STM32F103_MCAL/SPI/SPI.o
 .debug_frame   0x00000000000006c4      0x124 ./STM32F103_MCAL/UART/UART.o
 .debug_frame   0x00000000000007e8       0x2c ./Src/main.o
 .debug_frame   0x0000000000000814       0x2c e:/apps/stm32cubeide_1.10.0/stm32cubeide/plugins/com.st.stm32cube.ide.mcu.externaltools.gnu-tools-for-stm32.10.3-2021.10.win32_1.0.0.202111181127/tools/bin/../lib/gcc/arm-none-eabi/10.3.1/../../../../arm-none-eabi/lib/thumb/v7-m/nofp\libc_nano.a(lib_a-init.o)
 .debug_frame   0x0000000000000840       0x20 e:/apps/stm32cubeide_1.10.0/stm32cubeide/plugins/com.st.stm32cube.ide.mcu.externaltools.gnu-tools-for-stm32.10.3-2021.10.win32_1.0.0.202111181127/tools/bin/../lib/gcc/arm-none-eabi/10.3.1/../../../../arm-none-eabi/lib/thumb/v7-m/nofp\libc_nano.a(lib_a-memset.o)
 .debug_frame   0x0000000000000860       0xac e:/apps/stm32cubeide_1.10.0/stm32cubeide/plugins/com.st.stm32cube.ide.mcu.externaltools.gnu-tools-for-stm32.10.3-2021.10.win32_1.0.0.202111181127/tools/bin/../lib/gcc/arm-none-eabi/10.3.1/thumb/v7-m/nofp\libgcc.a(_arm_addsubdf3.o)
 .debug_frame   0x000000000000090c       0x50 e:/apps/stm32cubeide_1.10.0/stm32cubeide/plugins/com.st.stm32cube.ide.mcu.externaltools.gnu-tools-for-stm32.10.3-2021.10.win32_1.0.0.202111181127/tools/bin/../lib/gcc/arm-none-eabi/10.3.1/thumb/v7-m/nofp\libgcc.a(_arm_muldivdf3.o)
 .debug_frame   0x000000000000095c       0x24 e:/apps/stm32cubeide_1.10.0/stm32cubeide/plugins/com.st.stm32cube.ide.mcu.externaltools.gnu-tools-for-stm32.10.3-2021.10.win32_1.0.0.202111181127/tools/bin/../lib/gcc/arm-none-eabi/10.3.1/thumb/v7-m/nofp\libgcc.a(_arm_fixunsdfsi.o)
